Total memory: 14 bytes
Free memory: 16 bytes
Number of allocated blocks: 1
Number of allocated miniblocks: 4

Block 1 begin
Zone: 3 - 7
Miniblock 1:	3	-	4	| RW-
Miniblock 2:	4	-	5	| RW-
Miniblock 3:	5	-	6	| RW-
Miniblock 4:	6	-	7	| RW-
Block 1 end
Total memory: 14 bytes
Free memory: 17 bytes
Number of allocated blocks: 2
Number of allocated miniblocks: 3

Block 1 begin
Zone: 3 - 4
Miniblock 1:	3	-	4	| RW-
Block 1 end

Block 2 begin
Zone: 5 - 7
Miniblock 1:	5	-	6	| RW-
Miniblock 2:	6	-	7	| RW-
Block 2 end
Total memory: 14 bytes
Free memory: 16 bytes
Number of allocated blocks: 1
Number of allocated miniblocks: 4

Block 1 begin
Zone: 3 - 7
Miniblock 1:	3	-	4	| RW-
Miniblock 2:	4	-	5	| RW-
Miniblock 3:	5	-	6	| RW-
Miniblock 4:	6	-	7	| RW-
Block 1 end
Total memory: 14 bytes
Free memory: 17 bytes
Number of allocated blocks: 2
Number of allocated miniblocks: 3

Block 1 begin
Zone: 3 - 5
Miniblock 1:	3	-	4	| RW-
Miniblock 2:	4	-	5	| RW-
Block 1 end

Block 2 begin
Zone: 6 - 7
Miniblock 1:	6	-	7	| RW-
Block 2 end
2
3
4
1
6
