Total memory: 1000000064 bytes
Free memory: -3996 bytes
Number of allocated blocks: 1
Number of allocated miniblocks: 1

Block 1 begin
Zone: 40000000A - 40000100A
Miniblock 1:	40000000A	-	40000100A	| RW-
Block 1 end
