Total memory: C8 bytes
Free memory: 180 bytes
Number of allocated blocks: 1
Number of allocated miniblocks: 2

Block 1 begin
Zone: A - 1E
Miniblock 1:	A	-	14	| RW-
Miniblock 2:	14	-	1E	| ---
Block 1 end
2
10
20
