Total memory: A bytes
Free memory: 9 bytes
Number of allocated blocks: 1
Number of allocated miniblocks: 1

Block 1 begin
Zone: 1 - 2
Miniblock 1:	1	-	2	| RW-
Block 1 end
Total memory: A bytes
Free memory: 10 bytes
Number of allocated blocks: 0
Number of allocated miniblocks: 0
