Total memory: A bytes
Free memory: 8 bytes
Number of allocated blocks: 1
Number of allocated miniblocks: 2

Block 1 begin
Zone: 1 - 3
Miniblock 1:	1	-	2	| RW-
Miniblock 2:	2	-	3	| RW-
Block 1 end
