The allocated address is outside the size of arena
The allocated address is outside the size of arena
Total memory: 2 bytes
Free memory: 1 bytes
Number of allocated blocks: 1
Number of allocated miniblocks: 1

Block 1 begin
Zone: 1 - 2
Miniblock 1:	1	-	2	| RW-
Block 1 end
1
1
